// Jest Snapshot v1, https://goo.gl/fbAQLP

exports[`Home render a home 1`] = `
<div>
  <div>
    Hello Everyone!
  </div>
</div>
`;
